>>> BaseGeometry = _import_('7-base_geometry').BaseGeometry
>>> bg = BaseGeometry()
>>> bg.integer_validator("my_int", 12)
>>> bg.integer_validator("width", 89)
>>> try:
...     bg.integer_validator("name", "Teemo")
... except Exception as e:
...     print("[{}] {}".format(e._class.__name_, e))
[TypeError] name must be an integer
>>> try:
...     bg.integer_validator("age", 0)
... except Exception as e:
...     print("[{}] {}".format(e._class.__name_, e))
[ValueError] age must be greater than 0
>>> try:
...     bg.integer_validator("discord", -5)
... except Exception as e:
...     print("[{}] {}".format(e._class.__name_, e))
[ValueError] discord must be greater than 0
>>> try:
...     bg.integer_validator("he", 1.48)
... except Exception as e:
...     print("[{}] {}".format(e._class.__name_, e))
[TypeError] he must be an integer
>>> try:
...     bg.integer_validator("we", 55)
... except Exception as e:
...     print("[{}] {}".format(e._class.__name_, e))
>>> try:
...     bg.integer_validator(123, "John")
... except Exception as e:
...     print("[{}] {}".format(e._class.__name_, e))
[TypeError] 123 must be a string